Archive member included because of file (symbol)

c:/winavr_20100110/bin/../lib/gcc/avr/4.3.3/avr5\libgcc.a(_udivmodqi4.o)
                              ./App/DashboardManager_Module/Dashboard_Manager.o (__udivmodqi4)
c:/winavr_20100110/bin/../lib/gcc/avr/4.3.3/avr5\libgcc.a(_udivmodhi4.o)
                              ./Hal/TempHal_Driver/TempHal.o (__udivmodhi4)
c:/winavr_20100110/bin/../lib/gcc/avr/4.3.3/avr5\libgcc.a(_divmodhi4.o)
                              ./Hal/KeyPad_Driver/keypad.o (__divmodhi4)
c:/winavr_20100110/bin/../lib/gcc/avr/4.3.3/avr5\libgcc.a(_exit.o)
                              c:/winavr_20100110/bin/../lib/gcc/avr/4.3.3/../../../../avr/lib/avr5/crtm32.o (exit)
c:/winavr_20100110/bin/../lib/gcc/avr/4.3.3/avr5\libgcc.a(_copy_data.o)
                              ./Hal/Lcd_Driver/lcd_cfg.o (__do_copy_data)
c:/winavr_20100110/bin/../lib/gcc/avr/4.3.3/avr5\libgcc.a(_clear_bss.o)
                              ./Service/SwTimer.o (__do_clear_bss)

Allocating common symbols
Common symbol       size              file

DOOR_u8arrDoorStatus
                    0x2               ./App/Door_Module/door.o
Rxcbf               0x2               ./Mcal/Uart_Driver/Uart.o

Memory Configuration

Name             Origin             Length             Attributes
text             0x00000000         0x00020000         xr
data             0x00800060         0x0000ffa0         rw !x
eeprom           0x00810000         0x00010000         rw !x
fuse             0x00820000         0x00000400         rw !x
lock             0x00830000         0x00000400         rw !x
signature        0x00840000         0x00000400         rw !x
*default*        0x00000000         0xffffffff

Linker script and memory map

LOAD c:/winavr_20100110/bin/../lib/gcc/avr/4.3.3/../../../../avr/lib/avr5/crtm32.o
LOAD ./Service/SwTimer.o
LOAD ./Mcal/Uart_Driver/Uart.o
LOAD ./Mcal/Timer_Driver/Timer.o
LOAD ./Mcal/Port_Driver/Port.o
LOAD ./Mcal/Dio_Driver/Dio.o
LOAD ./Hal/TempHal_Driver/TempHal.o
LOAD ./Hal/Led_Module/Led.o
LOAD ./Hal/Lcd_Driver/lcd.o
LOAD ./Hal/Lcd_Driver/lcd_cfg.o
LOAD ./Hal/KeyPad_Driver/keypad.o
LOAD ./Hal/KeyPad_Driver/keypad_cfg.o
LOAD ./App/Temp_Module/tmep.o
LOAD ./App/Speed_Module/speed.o
LOAD ./App/SensorManager_Module/Sensor_Manager.o
LOAD ./App/Ignition_Module/ignition.o
LOAD ./App/Door_Module/door.o
LOAD ./App/DashboardManager_Module/Dashboard_Manager.o
LOAD c:/winavr_20100110/bin/../lib/gcc/avr/4.3.3/avr5\libgcc.a
LOAD c:/winavr_20100110/bin/../lib/gcc/avr/4.3.3/../../../../avr/lib/avr5\libc.a
LOAD c:/winavr_20100110/bin/../lib/gcc/avr/4.3.3/avr5\libgcc.a

.hash
 *(.hash)

.dynsym
 *(.dynsym)

.dynstr
 *(.dynstr)

.gnu.version
 *(.gnu.version)

.gnu.version_d
 *(.gnu.version_d)

.gnu.version_r
 *(.gnu.version_r)

.rel.init
 *(.rel.init)

.rela.init
 *(.rela.init)

.rel.text
 *(.rel.text)
 *(.rel.text.*)
 *(.rel.gnu.linkonce.t*)

.rela.text
 *(.rela.text)
 *(.rela.text.*)
 *(.rela.gnu.linkonce.t*)

.rel.fini
 *(.rel.fini)

.rela.fini
 *(.rela.fini)

.rel.rodata
 *(.rel.rodata)
 *(.rel.rodata.*)
 *(.rel.gnu.linkonce.r*)

.rela.rodata
 *(.rela.rodata)
 *(.rela.rodata.*)
 *(.rela.gnu.linkonce.r*)

.rel.data
 *(.rel.data)
 *(.rel.data.*)
 *(.rel.gnu.linkonce.d*)

.rela.data
 *(.rela.data)
 *(.rela.data.*)
 *(.rela.gnu.linkonce.d*)

.rel.ctors
 *(.rel.ctors)

.rela.ctors
 *(.rela.ctors)

.rel.dtors
 *(.rel.dtors)

.rela.dtors
 *(.rela.dtors)

.rel.got
 *(.rel.got)

.rela.got
 *(.rela.got)

.rel.bss
 *(.rel.bss)

.rela.bss
 *(.rela.bss)

.rel.plt
 *(.rel.plt)

.rela.plt
 *(.rela.plt)

.text           0x00000000     0x3110
 *(.vectors)
 .vectors       0x00000000       0x54 c:/winavr_20100110/bin/../lib/gcc/avr/4.3.3/../../../../avr/lib/avr5/crtm32.o
                0x00000000                __vectors
                0x00000000                __vector_default
 *(.vectors)
 *(.progmem.gcc*)
 *(.progmem*)
                0x00000054                . = ALIGN (0x2)
                0x00000054                __trampolines_start = .
 *(.trampolines)
 .trampolines   0x00000054        0x0 linker stubs
 *(.trampolines*)
                0x00000054                __trampolines_end = .
 *(.jumptables)
 *(.jumptables*)
 *(.lowtext)
 *(.lowtext*)
                0x00000054                __ctors_start = .
 *(.ctors)
                0x00000054                __ctors_end = .
                0x00000054                __dtors_start = .
 *(.dtors)
                0x00000054                __dtors_end = .
 SORT(*)(.ctors)
 SORT(*)(.dtors)
 *(.init0)
 .init0         0x00000054        0x0 c:/winavr_20100110/bin/../lib/gcc/avr/4.3.3/../../../../avr/lib/avr5/crtm32.o
                0x00000054                __init
 *(.init0)
 *(.init1)
 *(.init1)
 *(.init2)
 .init2         0x00000054        0xc c:/winavr_20100110/bin/../lib/gcc/avr/4.3.3/../../../../avr/lib/avr5/crtm32.o
 *(.init2)
 *(.init3)
 *(.init3)
 *(.init4)
 .init4         0x00000060       0x16 c:/winavr_20100110/bin/../lib/gcc/avr/4.3.3/avr5\libgcc.a(_copy_data.o)
                0x00000060                __do_copy_data
 .init4         0x00000076       0x10 c:/winavr_20100110/bin/../lib/gcc/avr/4.3.3/avr5\libgcc.a(_clear_bss.o)
                0x00000076                __do_clear_bss
 *(.init4)
 *(.init5)
 *(.init5)
 *(.init6)
 *(.init6)
 *(.init7)
 *(.init7)
 *(.init8)
 *(.init8)
 *(.init9)
 .init9         0x00000086        0x8 c:/winavr_20100110/bin/../lib/gcc/avr/4.3.3/../../../../avr/lib/avr5/crtm32.o
 *(.init9)
 *(.text)
 .text          0x0000008e        0x4 c:/winavr_20100110/bin/../lib/gcc/avr/4.3.3/../../../../avr/lib/avr5/crtm32.o
                0x0000008e                __vector_1
                0x0000008e                __vector_12
                0x0000008e                __bad_interrupt
                0x0000008e                __vector_6
                0x0000008e                __vector_3
                0x0000008e                __vector_17
                0x0000008e                __vector_19
                0x0000008e                __vector_7
                0x0000008e                __vector_5
                0x0000008e                __vector_4
                0x0000008e                __vector_9
                0x0000008e                __vector_2
                0x0000008e                __vector_15
                0x0000008e                __vector_8
                0x0000008e                __vector_14
                0x0000008e                __vector_16
                0x0000008e                __vector_18
                0x0000008e                __vector_20
 .text          0x00000092        0x0 ./Service/SwTimer.o
 .text          0x00000092        0x0 ./Mcal/Uart_Driver/Uart.o
 .text          0x00000092        0x0 ./Mcal/Timer_Driver/Timer.o
 .text          0x00000092        0x0 ./Mcal/Port_Driver/Port.o
 .text          0x00000092        0x0 ./Mcal/Dio_Driver/Dio.o
 .text          0x00000092        0x0 ./Hal/TempHal_Driver/TempHal.o
 .text          0x00000092        0x0 ./Hal/Led_Module/Led.o
 .text          0x00000092        0x0 ./Hal/Lcd_Driver/lcd.o
 .text          0x00000092        0x0 ./Hal/Lcd_Driver/lcd_cfg.o
 .text          0x00000092        0x0 ./Hal/KeyPad_Driver/keypad.o
 .text          0x00000092        0x0 ./Hal/KeyPad_Driver/keypad_cfg.o
 .text          0x00000092        0x0 ./App/Temp_Module/tmep.o
 .text          0x00000092        0x0 ./App/Speed_Module/speed.o
 .text          0x00000092        0x0 ./App/SensorManager_Module/Sensor_Manager.o
 .text          0x00000092        0x0 ./App/Ignition_Module/ignition.o
 .text          0x00000092        0x0 ./App/Door_Module/door.o
 .text          0x00000092        0x0 ./App/DashboardManager_Module/Dashboard_Manager.o
 .text          0x00000092        0x0 c:/winavr_20100110/bin/../lib/gcc/avr/4.3.3/avr5\libgcc.a(_udivmodqi4.o)
 .text          0x00000092        0x0 c:/winavr_20100110/bin/../lib/gcc/avr/4.3.3/avr5\libgcc.a(_udivmodhi4.o)
 .text          0x00000092        0x0 c:/winavr_20100110/bin/../lib/gcc/avr/4.3.3/avr5\libgcc.a(_divmodhi4.o)
 .text          0x00000092        0x0 c:/winavr_20100110/bin/../lib/gcc/avr/4.3.3/avr5\libgcc.a(_exit.o)
 .text          0x00000092        0x0 c:/winavr_20100110/bin/../lib/gcc/avr/4.3.3/avr5\libgcc.a(_copy_data.o)
 .text          0x00000092        0x0 c:/winavr_20100110/bin/../lib/gcc/avr/4.3.3/avr5\libgcc.a(_clear_bss.o)
                0x00000092                . = ALIGN (0x2)
 *(.text.*)
 .text.SwTimer_register_cbf
                0x00000092       0xf0 ./Service/SwTimer.o
                0x00000092                SwTimer_register_cbf
 .text.SwTimer_Unregister
                0x00000182       0xd6 ./Service/SwTimer.o
 .text.Scheduler
                0x00000258      0x142 ./Service/SwTimer.o
 .text.SwTimer_init
                0x0000039a       0x2a ./Service/SwTimer.o
                0x0000039a                SwTimer_init
 .text.UART_u8Init
                0x000003c4       0x98 ./Mcal/Uart_Driver/Uart.o
                0x000003c4                UART_u8Init
 .text.UART_u8GetData
                0x0000045c       0x28 ./Mcal/Uart_Driver/Uart.o
                0x0000045c                UART_u8GetData
 .text.UART_vidSetCallBack
                0x00000484       0x3a ./Mcal/Uart_Driver/Uart.o
                0x00000484                UART_vidSetCallBack
 .text.__vector_13
                0x000004be       0x70 ./Mcal/Uart_Driver/Uart.o
                0x000004be                __vector_13
 .text.TIMER_vidInit
                0x0000052e       0x2c ./Mcal/Timer_Driver/Timer.o
                0x0000052e                TIMER_vidInit
 .text.TIMER_u8EnableNotification
                0x0000055a       0x1e ./Mcal/Timer_Driver/Timer.o
                0x0000055a                TIMER_u8EnableNotification
 .text.TIMER_u8EnableCOMP_Int
                0x00000578       0x1e ./Mcal/Timer_Driver/Timer.o
                0x00000578                TIMER_u8EnableCOMP_Int
 .text.TIMER_u8DisableNotification
                0x00000596       0x1e ./Mcal/Timer_Driver/Timer.o
                0x00000596                TIMER_u8DisableNotification
 .text.TIMER_u8DisableCOMP_Int
                0x000005b4       0x1e ./Mcal/Timer_Driver/Timer.o
                0x000005b4                TIMER_u8DisableCOMP_Int
 .text.TIMER_u8StartTimer
                0x000005d2       0xcc ./Mcal/Timer_Driver/Timer.o
                0x000005d2                TIMER_u8StartTimer
 .text.TIMER_u8StopTimer
                0x0000069e       0x2a ./Mcal/Timer_Driver/Timer.o
                0x0000069e                TIMER_u8StopTimer
 .text.TIMER_vidLoadTimer
                0x000006c8       0x1e ./Mcal/Timer_Driver/Timer.o
                0x000006c8                TIMER_vidLoadTimer
 .text.TIMER_u8SetCallBack_OVF
                0x000006e6       0x3a ./Mcal/Timer_Driver/Timer.o
                0x000006e6                TIMER_u8SetCallBack_OVF
 .text.TIMER_u8SetCallBack_COMP
                0x00000720       0x3a ./Mcal/Timer_Driver/Timer.o
                0x00000720                TIMER_u8SetCallBack_COMP
 .text.__vector_11
                0x0000075a       0x6c ./Mcal/Timer_Driver/Timer.o
                0x0000075a                __vector_11
 .text.__vector_10
                0x000007c6       0x66 ./Mcal/Timer_Driver/Timer.o
                0x000007c6                __vector_10
 .text.Port_vidInit
                0x0000082c       0x48 ./Mcal/Port_Driver/Port.o
                0x0000082c                Port_vidInit
 .text.Port_vidSetPinMode
                0x00000874      0x674 ./Mcal/Port_Driver/Port.o
                0x00000874                Port_vidSetPinMode
 .text.Port_vidSetPinDir
                0x00000ee8      0x1d6 ./Mcal/Port_Driver/Port.o
                0x00000ee8                Port_vidSetPinDir
 .text.Dio_vidSetPinVal
                0x000010be      0x1d6 ./Mcal/Dio_Driver/Dio.o
                0x000010be                Dio_vidSetPinVal
 .text.Dio_u8GetPinVal
                0x00001294      0x102 ./Mcal/Dio_Driver/Dio.o
                0x00001294                Dio_u8GetPinVal
 .text.Dio_vidTogglePin
                0x00001396      0x10c ./Mcal/Dio_Driver/Dio.o
                0x00001396                Dio_vidTogglePin
 .text.Temp_hal_u8Init
                0x000014a2       0x22 ./Hal/TempHal_Driver/TempHal.o
                0x000014a2                Temp_hal_u8Init
 .text.Temp_hal_u8SetEngineTemp
                0x000014c4       0x62 ./Hal/TempHal_Driver/TempHal.o
 .text.Temp_hal_u8GetEngineTemp
                0x00001526       0x2e ./Hal/TempHal_Driver/TempHal.o
                0x00001526                Temp_hal_u8GetEngineTemp
 .text.atoi     0x00001554       0xae ./Hal/TempHal_Driver/TempHal.o
 .text.LED_vidTurnOn
                0x00001602      0x114 ./Hal/Led_Module/Led.o
                0x00001602                LED_vidTurnOn
 .text.LED_vidTurnOff
                0x00001716      0x114 ./Hal/Led_Module/Led.o
                0x00001716                LED_vidTurnOff
 .text.LED_vidToggle
                0x0000182a       0xfc ./Hal/Led_Module/Led.o
                0x0000182a                LED_vidToggle
 .text.lcd_init
                0x00001926       0x4e ./Hal/Lcd_Driver/lcd.o
                0x00001926                lcd_init
 .text.lcd_handler
                0x00001974       0x20 ./Hal/Lcd_Driver/lcd.o
 .text.init_stateMachine
                0x00001994      0x10c ./Hal/Lcd_Driver/lcd.o
 .text.process  0x00001aa0       0x80 ./Hal/Lcd_Driver/lcd.o
 .text.lcd_sendPacket
                0x00001b20      0x1c2 ./Hal/Lcd_Driver/lcd.o
 .text.lcd_clear
                0x00001ce2       0x40 ./Hal/Lcd_Driver/lcd.o
                0x00001ce2                lcd_clear
 .text.lcd_writeString
                0x00001d22       0x96 ./Hal/Lcd_Driver/lcd.o
                0x00001d22                lcd_writeString
 .text.Lcd_GoTo
                0x00001db8       0x7a ./Hal/Lcd_Driver/lcd.o
                0x00001db8                Lcd_GoTo
 .text.keypad_init
                0x00001e32       0xec ./Hal/KeyPad_Driver/keypad.o
                0x00001e32                keypad_init
 .text.keypad_handler
                0x00001f1e      0x916 ./Hal/KeyPad_Driver/keypad.o
 .text.keypad_getKey
                0x00002834       0x38 ./Hal/KeyPad_Driver/keypad.o
                0x00002834                keypad_getKey
 .text.Temp_GetTemp
                0x0000286c       0x42 ./App/Temp_Module/tmep.o
                0x0000286c                Temp_GetTemp
 .text.Temp_SetTemp
                0x000028ae       0x42 ./App/Temp_Module/tmep.o
                0x000028ae                Temp_SetTemp
 .text.SPEED_u8SetSpeed
                0x000028f0       0xc8 ./App/Speed_Module/speed.o
                0x000028f0                SPEED_u8SetSpeed
 .text.SPEED_u8GetSpeed
                0x000029b8       0x38 ./App/Speed_Module/speed.o
                0x000029b8                SPEED_u8GetSpeed
 .text.SensorManager_vidInit
                0x000029f0       0x2e ./App/SensorManager_Module/Sensor_Manager.o
                0x000029f0                SensorManager_vidInit
 .text.SensorManager_vidGetSensorRead
                0x00002a1e      0x19a ./App/SensorManager_Module/Sensor_Manager.o
 .text.SensorManager_vidGetTempRead
                0x00002bb8       0x54 ./App/SensorManager_Module/Sensor_Manager.o
 .text.Ignition_u8GetIgntion
                0x00002c0c       0x38 ./App/Ignition_Module/ignition.o
                0x00002c0c                Ignition_u8GetIgntion
 .text.Ignition_u8SetIgntion
                0x00002c44       0x26 ./App/Ignition_Module/ignition.o
                0x00002c44                Ignition_u8SetIgntion
 .text.Door_u8SetDoorStatus
                0x00002c6a       0x42 ./App/Door_Module/door.o
                0x00002c6a                Door_u8SetDoorStatus
 .text.Door_u8GetDoorStatus
                0x00002cac       0x4c ./App/Door_Module/door.o
                0x00002cac                Door_u8GetDoorStatus
 .text.main     0x00002cf8       0x30 ./App/DashboardManager_Module/Dashboard_Manager.o
                0x00002cf8                main
 .text.DashboardManager_vidLcdDisplay
                0x00002d28       0x34 ./App/DashboardManager_Module/Dashboard_Manager.o
 .text.DashboardManager_vidDisplaySpeed
                0x00002d5c       0xd6 ./App/DashboardManager_Module/Dashboard_Manager.o
 .text.DashboardManager_vidDisplayDoor
                0x00002e32       0x8c ./App/DashboardManager_Module/Dashboard_Manager.o
 .text.DashboardManager_vidDisplayTemp
                0x00002ebe      0x120 ./App/DashboardManager_Module/Dashboard_Manager.o
 .text.itoa     0x00002fde       0xc8 ./App/DashboardManager_Module/Dashboard_Manager.o
 .text.libgcc   0x000030a6       0x18 c:/winavr_20100110/bin/../lib/gcc/avr/4.3.3/avr5\libgcc.a(_udivmodqi4.o)
                0x000030a6                __udivmodqi4
 .text.libgcc   0x000030be       0x28 c:/winavr_20100110/bin/../lib/gcc/avr/4.3.3/avr5\libgcc.a(_udivmodhi4.o)
                0x000030be                __udivmodhi4
 .text.libgcc   0x000030e6       0x26 c:/winavr_20100110/bin/../lib/gcc/avr/4.3.3/avr5\libgcc.a(_divmodhi4.o)
                0x000030e6                __divmodhi4
                0x000030e6                _div
 .text.libgcc   0x0000310c        0x0 c:/winavr_20100110/bin/../lib/gcc/avr/4.3.3/avr5\libgcc.a(_exit.o)
 .text.libgcc   0x0000310c        0x0 c:/winavr_20100110/bin/../lib/gcc/avr/4.3.3/avr5\libgcc.a(_copy_data.o)
 .text.libgcc   0x0000310c        0x0 c:/winavr_20100110/bin/../lib/gcc/avr/4.3.3/avr5\libgcc.a(_clear_bss.o)
                0x0000310c                . = ALIGN (0x2)
 *(.fini9)
 .fini9         0x0000310c        0x0 c:/winavr_20100110/bin/../lib/gcc/avr/4.3.3/avr5\libgcc.a(_exit.o)
                0x0000310c                exit
                0x0000310c                _exit
 *(.fini9)
 *(.fini8)
 *(.fini8)
 *(.fini7)
 *(.fini7)
 *(.fini6)
 *(.fini6)
 *(.fini5)
 *(.fini5)
 *(.fini4)
 *(.fini4)
 *(.fini3)
 *(.fini3)
 *(.fini2)
 *(.fini2)
 *(.fini1)
 *(.fini1)
 *(.fini0)
 .fini0         0x0000310c        0x4 c:/winavr_20100110/bin/../lib/gcc/avr/4.3.3/avr5\libgcc.a(_exit.o)
 *(.fini0)
                0x00003110                _etext = .

.data           0x00800060       0x54 load address 0x00003110
                0x00800060                PROVIDE (__data_start, .)
 *(.data)
 .data          0x00800060        0x0 c:/winavr_20100110/bin/../lib/gcc/avr/4.3.3/../../../../avr/lib/avr5/crtm32.o
 .data          0x00800060        0x0 ./Service/SwTimer.o
 .data          0x00800060        0x0 ./Mcal/Uart_Driver/Uart.o
 .data          0x00800060        0x0 ./Mcal/Timer_Driver/Timer.o
 .data          0x00800060        0x0 ./Mcal/Port_Driver/Port.o
 .data          0x00800060        0x0 ./Mcal/Dio_Driver/Dio.o
 .data          0x00800060        0x0 ./Hal/TempHal_Driver/TempHal.o
 .data          0x00800060        0x0 ./Hal/Led_Module/Led.o
 .data          0x00800060        0x0 ./Hal/Lcd_Driver/lcd.o
 .data          0x00800060        0x0 ./Hal/Lcd_Driver/lcd_cfg.o
 .data          0x00800060        0x0 ./Hal/KeyPad_Driver/keypad.o
 .data          0x00800060        0x0 ./Hal/KeyPad_Driver/keypad_cfg.o
 .data          0x00800060        0x0 ./App/Temp_Module/tmep.o
 .data          0x00800060        0x0 ./App/Speed_Module/speed.o
 .data          0x00800060        0x0 ./App/SensorManager_Module/Sensor_Manager.o
 .data          0x00800060        0x0 ./App/Ignition_Module/ignition.o
 .data          0x00800060        0x0 ./App/Door_Module/door.o
 .data          0x00800060       0x2a ./App/DashboardManager_Module/Dashboard_Manager.o
 .data          0x0080008a        0x0 c:/winavr_20100110/bin/../lib/gcc/avr/4.3.3/avr5\libgcc.a(_udivmodqi4.o)
 .data          0x0080008a        0x0 c:/winavr_20100110/bin/../lib/gcc/avr/4.3.3/avr5\libgcc.a(_udivmodhi4.o)
 .data          0x0080008a        0x0 c:/winavr_20100110/bin/../lib/gcc/avr/4.3.3/avr5\libgcc.a(_divmodhi4.o)
 .data          0x0080008a        0x0 c:/winavr_20100110/bin/../lib/gcc/avr/4.3.3/avr5\libgcc.a(_exit.o)
 .data          0x0080008a        0x0 c:/winavr_20100110/bin/../lib/gcc/avr/4.3.3/avr5\libgcc.a(_copy_data.o)
 .data          0x0080008a        0x0 c:/winavr_20100110/bin/../lib/gcc/avr/4.3.3/avr5\libgcc.a(_clear_bss.o)
 *(.data*)
 .data.pressedKey
                0x0080008a        0x1 ./Hal/KeyPad_Driver/keypad.o
 .data.Speed_u8SpeedKm
                0x0080008b        0x1 ./App/Speed_Module/speed.o
 .data.fifthKey_firstPressed.1305
                0x0080008c        0x1 ./App/SensorManager_Module/Sensor_Manager.o
 .data.forthKey_firstPressed.1304
                0x0080008d        0x1 ./App/SensorManager_Module/Sensor_Manager.o
 .data.thirdKey_firstPressed.1303
                0x0080008e        0x1 ./App/SensorManager_Module/Sensor_Manager.o
 .data.secondKey_firstPressed.1302
                0x0080008f        0x1 ./App/SensorManager_Module/Sensor_Manager.o
 .data.firstKey_firstPressed.1301
                0x00800090        0x1 ./App/SensorManager_Module/Sensor_Manager.o
 .data.Speed.1375
                0x00800091        0x1 ./App/DashboardManager_Module/Dashboard_Manager.o
 *(.rodata)
 *(.rodata*)
 .rodata.lcdCfg
                0x00800092        0xa ./Hal/Lcd_Driver/lcd_cfg.o
                0x00800092                lcdCfg
 .rodata.keypadkeysCfg
                0x0080009c       0x10 ./Hal/KeyPad_Driver/keypad_cfg.o
                0x0080009c                keypadkeysCfg
 .rodata.keypadCfg
                0x008000ac        0x8 ./Hal/KeyPad_Driver/keypad_cfg.o
                0x008000ac                keypadCfg
 *(.gnu.linkonce.d*)
                0x008000b4                . = ALIGN (0x2)
                0x008000b4                _edata = .
                0x008000b4                PROVIDE (__data_end, .)

.bss            0x008000b4      0x347
                0x008000b4                PROVIDE (__bss_start, .)
 *(.bss)
 .bss           0x008000b4        0x0 c:/winavr_20100110/bin/../lib/gcc/avr/4.3.3/../../../../avr/lib/avr5/crtm32.o
 .bss           0x008000b4        0x0 ./Service/SwTimer.o
 .bss           0x008000b4        0x0 ./Mcal/Uart_Driver/Uart.o
 .bss           0x008000b4        0x0 ./Mcal/Timer_Driver/Timer.o
 .bss           0x008000b4        0x0 ./Mcal/Port_Driver/Port.o
 .bss           0x008000b4        0x0 ./Mcal/Dio_Driver/Dio.o
 .bss           0x008000b4        0x0 ./Hal/TempHal_Driver/TempHal.o
 .bss           0x008000b4        0x0 ./Hal/Led_Module/Led.o
 .bss           0x008000b4        0x0 ./Hal/Lcd_Driver/lcd.o
 .bss           0x008000b4        0x0 ./Hal/Lcd_Driver/lcd_cfg.o
 .bss           0x008000b4        0x0 ./Hal/KeyPad_Driver/keypad.o
 .bss           0x008000b4        0x0 ./Hal/KeyPad_Driver/keypad_cfg.o
 .bss           0x008000b4        0x0 ./App/Temp_Module/tmep.o
 .bss           0x008000b4        0x0 ./App/Speed_Module/speed.o
 .bss           0x008000b4        0x0 ./App/SensorManager_Module/Sensor_Manager.o
 .bss           0x008000b4        0x0 ./App/Ignition_Module/ignition.o
 .bss           0x008000b4        0x0 ./App/Door_Module/door.o
 .bss           0x008000b4        0x0 ./App/DashboardManager_Module/Dashboard_Manager.o
 .bss           0x008000b4        0x0 c:/winavr_20100110/bin/../lib/gcc/avr/4.3.3/avr5\libgcc.a(_udivmodqi4.o)
 .bss           0x008000b4        0x0 c:/winavr_20100110/bin/../lib/gcc/avr/4.3.3/avr5\libgcc.a(_udivmodhi4.o)
 .bss           0x008000b4        0x0 c:/winavr_20100110/bin/../lib/gcc/avr/4.3.3/avr5\libgcc.a(_divmodhi4.o)
 .bss           0x008000b4        0x0 c:/winavr_20100110/bin/../lib/gcc/avr/4.3.3/avr5\libgcc.a(_exit.o)
 .bss           0x008000b4        0x0 c:/winavr_20100110/bin/../lib/gcc/avr/4.3.3/avr5\libgcc.a(_copy_data.o)
 .bss           0x008000b4        0x0 c:/winavr_20100110/bin/../lib/gcc/avr/4.3.3/avr5\libgcc.a(_clear_bss.o)
 *(.bss*)
 .bss.NextFree  0x008000b4        0x2 ./Service/SwTimer.o
 .bss.cbfList   0x008000b6      0x2bc ./Service/SwTimer.o
 .bss.data      0x00800372        0x1 ./Mcal/Uart_Driver/Uart.o
 .bss.Cbf_ptr_OVF
                0x00800373        0x2 ./Mcal/Timer_Driver/Timer.o
                0x00800373                Cbf_ptr_OVF
 .bss.Cbf_ptr_COMP
                0x00800375        0x2 ./Mcal/Timer_Driver/Timer.o
                0x00800375                Cbf_ptr_COMP
 .bss.TempHal_requiredData
                0x00800377        0x1 ./Hal/TempHal_Driver/TempHal.o
 .bss.Loc_u8TurnIdx.1241
                0x00800378        0x1 ./Hal/TempHal_Driver/TempHal.o
 .bss.Loc_u8UartTempoData.1240
                0x00800379        0x4 ./Hal/TempHal_Driver/TempHal.o
 .bss.lcdStateMachine
                0x0080037d        0x1 ./Hal/Lcd_Driver/lcd.o
 .bss.lcdState  0x0080037e        0x1 ./Hal/Lcd_Driver/lcd.o
 .bss.lcdBufferInd
                0x0080037f        0x1 ./Hal/Lcd_Driver/lcd.o
 .bss.isReady   0x00800380        0x1 ./Hal/Lcd_Driver/lcd.o
 .bss.counter.1335
                0x00800381        0x1 ./Hal/Lcd_Driver/lcd.o
 .bss.state.1405
                0x00800382        0x1 ./Hal/Lcd_Driver/lcd.o
 .bss.lcdBuffer
                0x00800383       0x21 ./Hal/Lcd_Driver/lcd.o
 .bss.isReady   0x008003a4        0x1 ./Hal/KeyPad_Driver/keypad.o
 .bss.NO_KEY_count
                0x008003a5        0x1 ./Hal/KeyPad_Driver/keypad.o
 .bss.keysDebounceCount
                0x008003a6       0x30 ./Hal/KeyPad_Driver/keypad.o
 .bss.Temp_u8currentTemp
                0x008003d6        0x2 ./App/Temp_Module/tmep.o
 .bss.count.1300
                0x008003d8        0x1 ./App/SensorManager_Module/Sensor_Manager.o
 .bss.Timeout_counter.1349
                0x008003d9        0x1 ./App/SensorManager_Module/Sensor_Manager.o
 .bss.KeyPad_Read
                0x008003da        0x1 ./App/SensorManager_Module/Sensor_Manager.o
 .bss.Temp_Read
                0x008003db        0x2 ./App/SensorManager_Module/Sensor_Manager.o
 .bss.Ignition_u8Status
                0x008003dd        0x1 ./App/Ignition_Module/ignition.o
 .bss.IgnitionState.1363
                0x008003de        0x1 ./App/DashboardManager_Module/Dashboard_Manager.o
 .bss.Door_state.1437
                0x008003df        0x2 ./App/DashboardManager_Module/Dashboard_Manager.o
 .bss.Temp.1471
                0x008003e1        0x2 ./App/DashboardManager_Module/Dashboard_Manager.o
 .bss.str       0x008003e3        0xa ./App/DashboardManager_Module/Dashboard_Manager.o
 .bss.str2      0x008003ed        0xa ./App/DashboardManager_Module/Dashboard_Manager.o
 *(COMMON)
 COMMON         0x008003f7        0x2 ./Mcal/Uart_Driver/Uart.o
                0x008003f7                Rxcbf
 COMMON         0x008003f9        0x2 ./App/Door_Module/door.o
                0x008003f9                DOOR_u8arrDoorStatus
                0x008003fb                PROVIDE (__bss_end, .)
                0x00003110                __data_load_start = LOADADDR (.data)
                0x00003164                __data_load_end = (__data_load_start + SIZEOF (.data))

.noinit         0x008003fb        0x0
                0x008003fb                PROVIDE (__noinit_start, .)
 *(.noinit*)
                0x008003fb                PROVIDE (__noinit_end, .)
                0x008003fb                _end = .
                0x008003fb                PROVIDE (__heap_start, .)

.eeprom         0x00810000        0x0
 *(.eeprom*)
                0x00810000                __eeprom_end = .

.fuse
 *(.fuse)
 *(.lfuse)
 *(.hfuse)
 *(.efuse)

.lock
 *(.lock*)

.signature
 *(.signature*)

.stab           0x00000000     0x5b50
 *(.stab)
 .stab          0x00000000      0x4e0 ./Service/SwTimer.o
 .stab          0x000004e0      0x6fc ./Mcal/Uart_Driver/Uart.o
                                0x708 (size before relaxing)
 .stab          0x00000bdc      0x6f0 ./Mcal/Timer_Driver/Timer.o
                                0x8b8 (size before relaxing)
 .stab          0x000012cc      0x618 ./Mcal/Port_Driver/Port.o
                                0x624 (size before relaxing)
 .stab          0x000018e4      0x4d4 ./Mcal/Dio_Driver/Dio.o
                                0x4e0 (size before relaxing)
 .stab          0x00001db8      0x510 ./Hal/TempHal_Driver/TempHal.o
                                0x51c (size before relaxing)
 .stab          0x000022c8      0x4b0 ./Hal/Led_Module/Led.o
                                0x4bc (size before relaxing)
 .stab          0x00002778      0xb34 ./Hal/Lcd_Driver/lcd.o
                                0xb40 (size before relaxing)
 .stab          0x000032ac       0xfc ./Hal/Lcd_Driver/lcd_cfg.o
                                0x228 (size before relaxing)
 .stab          0x000033a8      0x8a0 ./Hal/KeyPad_Driver/keypad.o
                                0x8ac (size before relaxing)
 .stab          0x00003c48      0x12c ./Hal/KeyPad_Driver/keypad_cfg.o
                                0x2c4 (size before relaxing)
 .stab          0x00003d74      0x3d8 ./App/Temp_Module/tmep.o
                                0x3e4 (size before relaxing)
 .stab          0x0000414c      0x3a8 ./App/Speed_Module/speed.o
                                0x3b4 (size before relaxing)
 .stab          0x000044f4      0x66c ./App/SensorManager_Module/Sensor_Manager.o
                                0x678 (size before relaxing)
 .stab          0x00004b60      0x36c ./App/Ignition_Module/ignition.o
                                0x528 (size before relaxing)
 .stab          0x00004ecc      0x354 ./App/Door_Module/door.o
                                0x360 (size before relaxing)
 .stab          0x00005220      0x930 ./App/DashboardManager_Module/Dashboard_Manager.o
                                0x93c (size before relaxing)

.stabstr        0x00000000     0x3588
 *(.stabstr)
 .stabstr       0x00000000     0x3588 ./Service/SwTimer.o

.stab.excl
 *(.stab.excl)

.stab.exclstr
 *(.stab.exclstr)

.stab.index
 *(.stab.index)

.stab.indexstr
 *(.stab.indexstr)

.comment
 *(.comment)

.debug
 *(.debug)

.line
 *(.line)

.debug_srcinfo
 *(.debug_srcinfo)

.debug_sfnames
 *(.debug_sfnames)

.debug_aranges
 *(.debug_aranges)

.debug_pubnames
 *(.debug_pubnames)

.debug_info
 *(.debug_info)
 *(.gnu.linkonce.wi.*)

.debug_abbrev
 *(.debug_abbrev)

.debug_line
 *(.debug_line)

.debug_frame
 *(.debug_frame)

.debug_str
 *(.debug_str)

.debug_loc
 *(.debug_loc)

.debug_macinfo
 *(.debug_macinfo)
OUTPUT(Dashboard_v1.elf elf32-avr)
LOAD linker stubs
